{
  "sprites": {
    "sprite.png": {
      "width": 520,
      "height": 656
    }
  },
  "tiles": {
    "png.png": {
      "width": 128,
      "height": 128,
      "x": 4,
      "y": 4,
      "sprite": "sprite.png"
    },
    "jpg.jpg": {
      "width": 512,
      "height": 512,
      "x": 4,
      "y": 140,
      "sprite": "sprite.png"
    }
  }
}
